Archive member included to satisfy reference by file (symbol)

c:/program files (x86)/atmel/studio/7.0/toolchain/avr8/avr8-gnu-toolchain/bin/../lib/gcc/avr/5.4.0/avr5\libgcc.a(_udivmodhi4.o)
                              display.o (__udivmodhi4)
c:/program files (x86)/atmel/studio/7.0/toolchain/avr8/avr8-gnu-toolchain/bin/../lib/gcc/avr/5.4.0/avr5\libgcc.a(_divmodhi4.o)
                              view.o (__divmodhi4)
c:/program files (x86)/atmel/studio/7.0/toolchain/avr8/avr8-gnu-toolchain/bin/../lib/gcc/avr/5.4.0/avr5\libgcc.a(_exit.o)
                              C:/Program Files (x86)/Atmel/Studio/7.0/Packs/atmel/ATmega_DFP/1.2.209/gcc/dev/atmega328p/avr5/crtatmega328p.o (exit)
c:/program files (x86)/atmel/studio/7.0/toolchain/avr8/avr8-gnu-toolchain/bin/../lib/gcc/avr/5.4.0/avr5\libgcc.a(_copy_data.o)
                              display.o (__do_copy_data)
c:/program files (x86)/atmel/studio/7.0/toolchain/avr8/avr8-gnu-toolchain/bin/../lib/gcc/avr/5.4.0/avr5\libgcc.a(_clear_bss.o)
                              display.o (__do_clear_bss)

Allocating common symbols
Common symbol       size              file

display             0x2               view.o
DisplayBuf          0x400             display.o
pMenu               0x2               view.o
dirtyArea           0x4               view.o

Discarded input sections

 .data          0x00000000        0x0 C:/Program Files (x86)/Atmel/Studio/7.0/Packs/atmel/ATmega_DFP/1.2.209/gcc/dev/atmega328p/avr5/crtatmega328p.o
 .bss           0x00000000        0x0 C:/Program Files (x86)/Atmel/Studio/7.0/Packs/atmel/ATmega_DFP/1.2.209/gcc/dev/atmega328p/avr5/crtatmega328p.o
 .group         0x00000000        0x8 Calibri28pt.o
 .group         0x00000000        0x8 Calibri28pt.o
 .group         0x00000000        0x8 Calibri28pt.o
 .group         0x00000000        0x8 Calibri28pt.o
 .group         0x00000000        0x8 Calibri28pt.o
 .group         0x00000000        0x8 Calibri28pt.o
 .group         0x00000000        0x8 Calibri28pt.o
 .group         0x00000000        0x8 Calibri28pt.o
 .group         0x00000000        0x8 Calibri28pt.o
 .group         0x00000000        0x8 Calibri28pt.o
 .group         0x00000000        0x8 Calibri28pt.o
 .group         0x00000000        0x8 Calibri28pt.o
 .group         0x00000000        0x8 Calibri28pt.o
 .text          0x00000000        0x0 Calibri28pt.o
 .data          0x00000000        0x0 Calibri28pt.o
 .bss           0x00000000        0x0 Calibri28pt.o
 .group         0x00000000        0x8 controller.o
 .text          0x00000000        0x0 controller.o
 .data          0x00000000        0x0 controller.o
 .bss           0x00000000        0x0 controller.o
 .debug_info    0x00000000       0x21 controller.o
 .debug_abbrev  0x00000000       0x13 controller.o
 .debug_aranges
                0x00000000       0x18 controller.o
 .debug_macro   0x00000000       0x11 controller.o
 .debug_macro   0x00000000      0xa4e controller.o
 .debug_line    0x00000000       0x2f controller.o
 .debug_str     0x00000000     0x2b4b controller.o
 .comment       0x00000000       0x31 controller.o
 .group         0x00000000        0x8 display.o
 .group         0x00000000        0x8 display.o
 .group         0x00000000        0x8 display.o
 .group         0x00000000        0x8 display.o
 .group         0x00000000        0x8 display.o
 .group         0x00000000        0x8 display.o
 .group         0x00000000        0x8 display.o
 .group         0x00000000        0x8 display.o
 .group         0x00000000        0x8 display.o
 .group         0x00000000        0x8 display.o
 .group         0x00000000        0x8 display.o
 .group         0x00000000        0x8 display.o
 .group         0x00000000        0x8 display.o
 .group         0x00000000        0x8 display.o
 .group         0x00000000        0x8 display.o
 .group         0x00000000        0x8 display.o
 .text          0x00000000        0x0 display.o
 .data          0x00000000        0x0 display.o
 .bss           0x00000000        0x0 display.o
 .text.disp_refresh
                0x00000000       0x38 display.o
 .text.intersects
                0x00000000       0xb2 display.o
 .text.disp_pixel
                0x00000000       0x78 display.o
 .text.disp_line
                0x00000000      0x146 display.o
 .text.disp_rectangle
                0x00000000      0x2f2 display.o
 .text.disp_get_bitmap_metrics
                0x00000000       0x8a display.o
 .text.disp_get_font_baseline
                0x00000000       0x60 display.o
 .debug_macro   0x00000000      0xa4e display.o
 .debug_macro   0x00000000       0x10 display.o
 .debug_macro   0x00000000      0x1c9 display.o
 .debug_macro   0x00000000      0x2fc display.o
 .debug_macro   0x00000000       0x89 display.o
 .debug_macro   0x00000000       0xaa display.o
 .debug_macro   0x00000000     0x1410 display.o
 .debug_macro   0x00000000      0x13a display.o
 .debug_macro   0x00000000       0xbd display.o
 .debug_macro   0x00000000       0x34 display.o
 .debug_macro   0x00000000       0x18 display.o
 .debug_macro   0x00000000       0x6c display.o
 .debug_macro   0x00000000       0xee display.o
 .group         0x00000000        0x8 images.o
 .group         0x00000000        0x8 images.o
 .group         0x00000000        0x8 images.o
 .group         0x00000000        0x8 images.o
 .group         0x00000000        0x8 images.o
 .group         0x00000000        0x8 images.o
 .group         0x00000000        0x8 images.o
 .group         0x00000000        0x8 images.o
 .group         0x00000000        0x8 images.o
 .group         0x00000000        0x8 images.o
 .group         0x00000000        0x8 images.o
 .group         0x00000000        0x8 images.o
 .group         0x00000000        0x8 images.o
 .text          0x00000000        0x0 images.o
 .data          0x00000000        0x0 images.o
 .bss           0x00000000        0x0 images.o
 .progmem.data.bmpThermometer
                0x00000000       0x59 images.o
 .progmem.data.bmpFire
                0x00000000       0x59 images.o
 .progmem.data.bmpCheckbox_0
                0x00000000       0x2a images.o
 .progmem.data.bmpCheckbox_1
                0x00000000       0x2a images.o
 .progmem.data.bmpRadio_0
                0x00000000       0x18 images.o
 .progmem.data.bmpRadio_1
                0x00000000       0x18 images.o
 .progmem.data.bmpSmallArrowRight
                0x00000000       0x12 images.o
 .progmem.data.bmpSmallArrowLeft
                0x00000000       0x12 images.o
 .progmem.data.bmpBullet
                0x00000000       0x12 images.o
 .debug_macro   0x00000000      0xa4e images.o
 .debug_macro   0x00000000       0x10 images.o
 .debug_macro   0x00000000      0x1c9 images.o
 .debug_macro   0x00000000      0x2fc images.o
 .debug_macro   0x00000000       0x89 images.o
 .debug_macro   0x00000000       0xaa images.o
 .debug_macro   0x00000000     0x1410 images.o
 .debug_macro   0x00000000      0x13a images.o
 .debug_macro   0x00000000       0xbd images.o
 .debug_macro   0x00000000       0x34 images.o
 .debug_macro   0x00000000       0x18 images.o
 .debug_macro   0x00000000       0x6c images.o
 .debug_macro   0x00000000       0xee images.o
 .group         0x00000000        0x8 main.o
 .group         0x00000000        0x8 main.o
 .group         0x00000000        0x8 main.o
 .group         0x00000000        0x8 main.o
 .group         0x00000000        0x8 main.o
 .group         0x00000000        0x8 main.o
 .group         0x00000000        0x8 main.o
 .group         0x00000000        0x8 main.o
 .group         0x00000000        0x8 main.o
 .group         0x00000000        0x8 main.o
 .group         0x00000000        0x8 main.o
 .group         0x00000000        0x8 main.o
 .group         0x00000000        0x8 main.o
 .group         0x00000000        0x8 main.o
 .group         0x00000000        0x8 main.o
 .group         0x00000000        0x8 main.o
 .group         0x00000000        0x8 main.o
 .text          0x00000000        0x0 main.o
 .data          0x00000000        0x0 main.o
 .bss           0x00000000        0x0 main.o
 .rodata.txtSet
                0x00000000       0x26 main.o
 .rodata.txtTemp
                0x00000000        0xc main.o
 .rodata.txtTip
                0x00000000       0x18 main.o
 .text.on_paint
                0x00000000       0xdc main.o
 .debug_macro   0x00000000      0xa4e main.o
 .debug_macro   0x00000000      0x1c9 main.o
 .debug_macro   0x00000000     0x1410 main.o
 .debug_macro   0x00000000      0x13a main.o
 .debug_macro   0x00000000       0xbd main.o
 .debug_macro   0x00000000       0x34 main.o
 .debug_macro   0x00000000       0x18 main.o
 .debug_macro   0x00000000       0x6c main.o
 .debug_macro   0x00000000       0x10 main.o
 .debug_macro   0x00000000       0x22 main.o
 .group         0x00000000        0x8 model.o
 .group         0x00000000        0x8 model.o
 .text          0x00000000        0x0 model.o
 .data          0x00000000        0x0 model.o
 .bss           0x00000000        0x0 model.o
 .text.temp_inc
                0x00000000       0x30 model.o
 .text.temp_dec
                0x00000000       0x30 model.o
 .text.temp_set
                0x00000000       0x10 model.o
 .text.get_measured_temp
                0x00000000       0x12 model.o
 .debug_macro   0x00000000      0xa4e model.o
 .debug_macro   0x00000000      0x1c9 model.o
 .group         0x00000000        0x8 MSSansSerif8pt.o
 .group         0x00000000        0x8 MSSansSerif8pt.o
 .group         0x00000000        0x8 MSSansSerif8pt.o
 .group         0x00000000        0x8 MSSansSerif8pt.o
 .group         0x00000000        0x8 MSSansSerif8pt.o
 .group         0x00000000        0x8 MSSansSerif8pt.o
 .group         0x00000000        0x8 MSSansSerif8pt.o
 .group         0x00000000        0x8 MSSansSerif8pt.o
 .group         0x00000000        0x8 MSSansSerif8pt.o
 .group         0x00000000        0x8 MSSansSerif8pt.o
 .group         0x00000000        0x8 MSSansSerif8pt.o
 .group         0x00000000        0x8 MSSansSerif8pt.o
 .group         0x00000000        0x8 MSSansSerif8pt.o
 .text          0x00000000        0x0 MSSansSerif8pt.o
 .data          0x00000000        0x0 MSSansSerif8pt.o
 .bss           0x00000000        0x0 MSSansSerif8pt.o
 .debug_macro   0x00000000      0xa4e MSSansSerif8pt.o
 .debug_macro   0x00000000       0x10 MSSansSerif8pt.o
 .debug_macro   0x00000000      0x1c9 MSSansSerif8pt.o
 .debug_macro   0x00000000      0x2fc MSSansSerif8pt.o
 .debug_macro   0x00000000       0x89 MSSansSerif8pt.o
 .debug_macro   0x00000000       0xaa MSSansSerif8pt.o
 .debug_macro   0x00000000     0x1410 MSSansSerif8pt.o
 .debug_macro   0x00000000      0x13a MSSansSerif8pt.o
 .debug_macro   0x00000000       0xbd MSSansSerif8pt.o
 .debug_macro   0x00000000       0x34 MSSansSerif8pt.o
 .debug_macro   0x00000000       0x18 MSSansSerif8pt.o
 .debug_macro   0x00000000       0x6c MSSansSerif8pt.o
 .debug_macro   0x00000000       0xee MSSansSerif8pt.o
 .group         0x00000000        0x8 strings.o
 .group         0x00000000        0x8 strings.o
 .group         0x00000000        0x8 strings.o
 .group         0x00000000        0x8 strings.o
 .group         0x00000000        0x8 strings.o
 .group         0x00000000        0x8 strings.o
 .group         0x00000000        0x8 strings.o
 .group         0x00000000        0x8 strings.o
 .group         0x00000000        0x8 strings.o
 .group         0x00000000        0x8 strings.o
 .group         0x00000000        0x8 strings.o
 .group         0x00000000        0x8 strings.o
 .text          0x00000000        0x0 strings.o
 .data          0x00000000        0x0 strings.o
 .bss           0x00000000        0x0 strings.o
 .rodata.str_Settings
                0x00000000       0x14 strings.o
 .rodata.str_Return
                0x00000000        0xc strings.o
 .rodata.str_IronTip
                0x00000000        0xe strings.o
 .rodata.str_Boost
                0x00000000       0x12 strings.o
 .rodata.str_Sleep
                0x00000000        0xc strings.o
 .rodata.str_Beep
                0x00000000       0x12 strings.o
 .rodata.str_On
                0x00000000        0xa strings.o
 .rodata.str_Off
                0x00000000        0xc strings.o
 .debug_macro   0x00000000      0xa4e strings.o
 .debug_macro   0x00000000      0x1c9 strings.o
 .debug_macro   0x00000000       0x10 strings.o
 .debug_macro   0x00000000      0x302 strings.o
 .debug_macro   0x00000000       0x9e strings.o
 .debug_macro   0x00000000     0x1410 strings.o
 .debug_macro   0x00000000      0x13a strings.o
 .debug_macro   0x00000000       0xbd strings.o
 .debug_macro   0x00000000       0x34 strings.o
 .debug_macro   0x00000000       0x18 strings.o
 .debug_macro   0x00000000       0x6c strings.o
 .debug_macro   0x00000000       0x28 strings.o
 .group         0x00000000        0x8 view.o
 .group         0x00000000        0x8 view.o
 .group         0x00000000        0x8 view.o
 .group         0x00000000        0x8 view.o
 .group         0x00000000        0x8 view.o
 .group         0x00000000        0x8 view.o
 .group         0x00000000        0x8 view.o
 .group         0x00000000        0x8 view.o
 .group         0x00000000        0x8 view.o
 .group         0x00000000        0x8 view.o
 .group         0x00000000        0x8 view.o
 .group         0x00000000        0x8 view.o
 .group         0x00000000        0x8 view.o
 .text          0x00000000        0x0 view.o
 .data          0x00000000        0x0 view.o
 .bss           0x00000000        0x0 view.o
 .data.iron_tip
                0x00000000        0xc view.o
 .text.get_iron_tip
                0x00000000       0x12 view.o
 .rodata        0x00000000       0x3e view.o
 .text.get_temp_val
                0x00000000       0x12 view.o
 .text.get_boost_val
                0x00000000       0x12 view.o
 .text.get_sleep_val
                0x00000000       0x12 view.o
 .text.get_signal_state
                0x00000000       0x12 view.o
 .bss.menuFirstItem
                0x00000000        0x1 view.o
 .data.menuLastItem
                0x00000000        0x1 view.o
 .bss.menuSelection
                0x00000000        0x1 view.o
 .text.on_draw_menu
                0x00000000      0x498 view.o
 .text.view_menu
                0x00000000       0x6a view.o
 .text.view_settings_menu
                0x00000000       0x18 view.o
 .text.menu_selection_up
                0x00000000       0x96 view.o
 .text.menu_selection_down
                0x00000000       0xc0 view.o
 .text.menu_refresh_selected
                0x00000000       0x40 view.o
 .text.temp_set_screen_refresh
                0x00000000       0x16 view.o
 .rodata.settingsMenu.1764
                0x00000000       0x2d view.o
 .debug_macro   0x00000000      0xa4e view.o
 .debug_macro   0x00000000      0x1c9 view.o
 .debug_macro   0x00000000       0x10 view.o
 .debug_macro   0x00000000      0x302 view.o
 .debug_macro   0x00000000       0x9e view.o
 .debug_macro   0x00000000     0x1410 view.o
 .debug_macro   0x00000000      0x13a view.o
 .debug_macro   0x00000000       0xbd view.o
 .debug_macro   0x00000000       0x34 view.o
 .debug_macro   0x00000000       0x18 view.o
 .debug_macro   0x00000000       0x6c view.o
 .debug_macro   0x00000000       0x28 view.o
 .debug_macro   0x00000000       0x22 view.o
 .text          0x00000000        0x0 c:/program files (x86)/atmel/studio/7.0/toolchain/avr8/avr8-gnu-toolchain/bin/../lib/gcc/avr/5.4.0/avr5\libgcc.a(_udivmodhi4.o)
 .data          0x00000000        0x0 c:/program files (x86)/atmel/studio/7.0/toolchain/avr8/avr8-gnu-toolchain/bin/../lib/gcc/avr/5.4.0/avr5\libgcc.a(_udivmodhi4.o)
 .bss           0x00000000        0x0 c:/program files (x86)/atmel/studio/7.0/toolchain/avr8/avr8-gnu-toolchain/bin/../lib/gcc/avr/5.4.0/avr5\libgcc.a(_udivmodhi4.o)
 .text.libgcc.mul
                0x00000000        0x0 c:/program files (x86)/atmel/studio/7.0/toolchain/avr8/avr8-gnu-toolchain/bin/../lib/gcc/avr/5.4.0/avr5\libgcc.a(_udivmodhi4.o)
 .text.libgcc   0x00000000        0x0 c:/program files (x86)/atmel/studio/7.0/toolchain/avr8/avr8-gnu-toolchain/bin/../lib/gcc/avr/5.4.0/avr5\libgcc.a(_udivmodhi4.o)
 .text.libgcc.prologue
                0x00000000        0x0 c:/program files (x86)/atmel/studio/7.0/toolchain/avr8/avr8-gnu-toolchain/bin/../lib/gcc/avr/5.4.0/avr5\libgcc.a(_udivmodhi4.o)
 .text.libgcc.builtins
                0x00000000        0x0 c:/program files (x86)/atmel/studio/7.0/toolchain/avr8/avr8-gnu-toolchain/bin/../lib/gcc/avr/5.4.0/avr5\libgcc.a(_udivmodhi4.o)
 .text.libgcc.fmul
                0x00000000        0x0 c:/program files (x86)/atmel/studio/7.0/toolchain/avr8/avr8-gnu-toolchain/bin/../lib/gcc/avr/5.4.0/avr5\libgcc.a(_udivmodhi4.o)
 .text.libgcc.fixed
                0x00000000        0x0 c:/program files (x86)/atmel/studio/7.0/toolchain/avr8/avr8-gnu-toolchain/bin/../lib/gcc/avr/5.4.0/avr5\libgcc.a(_udivmodhi4.o)
 .text          0x00000000        0x0 c:/program files (x86)/atmel/studio/7.0/toolchain/avr8/avr8-gnu-toolchain/bin/../lib/gcc/avr/5.4.0/avr5\libgcc.a(_divmodhi4.o)
 .data          0x00000000        0x0 c:/program files (x86)/atmel/studio/7.0/toolchain/avr8/avr8-gnu-toolchain/bin/../lib/gcc/avr/5.4.0/avr5\libgcc.a(_divmodhi4.o)
 .bss           0x00000000        0x0 c:/program files (x86)/atmel/studio/7.0/toolchain/avr8/avr8-gnu-toolchain/bin/../lib/gcc/avr/5.4.0/avr5\libgcc.a(_divmodhi4.o)
 .text.libgcc.mul
                0x00000000        0x0 c:/program files (x86)/atmel/studio/7.0/toolchain/avr8/avr8-gnu-toolchain/bin/../lib/gcc/avr/5.4.0/avr5\libgcc.a(_divmodhi4.o)
 .text.libgcc   0x00000000        0x0 c:/program files (x86)/atmel/studio/7.0/toolchain/avr8/avr8-gnu-toolchain/bin/../lib/gcc/avr/5.4.0/avr5\libgcc.a(_divmodhi4.o)
 .text.libgcc.prologue
                0x00000000        0x0 c:/program files (x86)/atmel/studio/7.0/toolchain/avr8/avr8-gnu-toolchain/bin/../lib/gcc/avr/5.4.0/avr5\libgcc.a(_divmodhi4.o)
 .text.libgcc.builtins
                0x00000000        0x0 c:/program files (x86)/atmel/studio/7.0/toolchain/avr8/avr8-gnu-toolchain/bin/../lib/gcc/avr/5.4.0/avr5\libgcc.a(_divmodhi4.o)
 .text.libgcc.fmul
                0x00000000        0x0 c:/program files (x86)/atmel/studio/7.0/toolchain/avr8/avr8-gnu-toolchain/bin/../lib/gcc/avr/5.4.0/avr5\libgcc.a(_divmodhi4.o)
 .text.libgcc.fixed
                0x00000000        0x0 c:/program files (x86)/atmel/studio/7.0/toolchain/avr8/avr8-gnu-toolchain/bin/../lib/gcc/avr/5.4.0/avr5\libgcc.a(_divmodhi4.o)
 .text          0x00000000        0x0 c:/program files (x86)/atmel/studio/7.0/toolchain/avr8/avr8-gnu-toolchain/bin/../lib/gcc/avr/5.4.0/avr5\libgcc.a(_exit.o)
 .data          0x00000000        0x0 c:/program files (x86)/atmel/studio/7.0/toolchain/avr8/avr8-gnu-toolchain/bin/../lib/gcc/avr/5.4.0/avr5\libgcc.a(_exit.o)
 .bss           0x00000000        0x0 c:/program files (x86)/atmel/studio/7.0/toolchain/avr8/avr8-gnu-toolchain/bin/../lib/gcc/avr/5.4.0/avr5\libgcc.a(_exit.o)
 .text.libgcc.mul
                0x00000000        0x0 c:/program files (x86)/atmel/studio/7.0/toolchain/avr8/avr8-gnu-toolchain/bin/../lib/gcc/avr/5.4.0/avr5\libgcc.a(_exit.o)
 .text.libgcc.div
                0x00000000        0x0 c:/program files (x86)/atmel/studio/7.0/toolchain/avr8/avr8-gnu-toolchain/bin/../lib/gcc/avr/5.4.0/avr5\libgcc.a(_exit.o)
 .text.libgcc   0x00000000        0x0 c:/program files (x86)/atmel/studio/7.0/toolchain/avr8/avr8-gnu-toolchain/bin/../lib/gcc/avr/5.4.0/avr5\libgcc.a(_exit.o)
 .text.libgcc.prologue
                0x00000000        0x0 c:/program files (x86)/atmel/studio/7.0/toolchain/avr8/avr8-gnu-toolchain/bin/../lib/gcc/avr/5.4.0/avr5\libgcc.a(_exit.o)
 .text.libgcc.builtins
                0x00000000        0x0 c:/program files (x86)/atmel/studio/7.0/toolchain/avr8/avr8-gnu-toolchain/bin/../lib/gcc/avr/5.4.0/avr5\libgcc.a(_exit.o)
 .text.libgcc.fmul
                0x00000000        0x0 c:/program files (x86)/atmel/studio/7.0/toolchain/avr8/avr8-gnu-toolchain/bin/../lib/gcc/avr/5.4.0/avr5\libgcc.a(_exit.o)
 .text.libgcc.fixed
                0x00000000        0x0 c:/program files (x86)/atmel/studio/7.0/toolchain/avr8/avr8-gnu-toolchain/bin/../lib/gcc/avr/5.4.0/avr5\libgcc.a(_exit.o)
 .text          0x00000000        0x0 c:/program files (x86)/atmel/studio/7.0/toolchain/avr8/avr8-gnu-toolchain/bin/../lib/gcc/avr/5.4.0/avr5\libgcc.a(_copy_data.o)
 .data          0x00000000        0x0 c:/program files (x86)/atmel/studio/7.0/toolchain/avr8/avr8-gnu-toolchain/bin/../lib/gcc/avr/5.4.0/avr5\libgcc.a(_copy_data.o)
 .bss           0x00000000        0x0 c:/program files (x86)/atmel/studio/7.0/toolchain/avr8/avr8-gnu-toolchain/bin/../lib/gcc/avr/5.4.0/avr5\libgcc.a(_copy_data.o)
 .text.libgcc.mul
                0x00000000        0x0 c:/program files (x86)/atmel/studio/7.0/toolchain/avr8/avr8-gnu-toolchain/bin/../lib/gcc/avr/5.4.0/avr5\libgcc.a(_copy_data.o)
 .text.libgcc.div
                0x00000000        0x0 c:/program files (x86)/atmel/studio/7.0/toolchain/avr8/avr8-gnu-toolchain/bin/../lib/gcc/avr/5.4.0/avr5\libgcc.a(_copy_data.o)
 .text.libgcc   0x00000000        0x0 c:/program files (x86)/atmel/studio/7.0/toolchain/avr8/avr8-gnu-toolchain/bin/../lib/gcc/avr/5.4.0/avr5\libgcc.a(_copy_data.o)
 .text.libgcc.prologue
                0x00000000        0x0 c:/program files (x86)/atmel/studio/7.0/toolchain/avr8/avr8-gnu-toolchain/bin/../lib/gcc/avr/5.4.0/avr5\libgcc.a(_copy_data.o)
 .text.libgcc.builtins
                0x00000000        0x0 c:/program files (x86)/atmel/studio/7.0/toolchain/avr8/avr8-gnu-toolchain/bin/../lib/gcc/avr/5.4.0/avr5\libgcc.a(_copy_data.o)
 .text.libgcc.fmul
                0x00000000        0x0 c:/program files (x86)/atmel/studio/7.0/toolchain/avr8/avr8-gnu-toolchain/bin/../lib/gcc/avr/5.4.0/avr5\libgcc.a(_copy_data.o)
 .text.libgcc.fixed
                0x00000000        0x0 c:/program files (x86)/atmel/studio/7.0/toolchain/avr8/avr8-gnu-toolchain/bin/../lib/gcc/avr/5.4.0/avr5\libgcc.a(_copy_data.o)
 .text          0x00000000        0x0 c:/program files (x86)/atmel/studio/7.0/toolchain/avr8/avr8-gnu-toolchain/bin/../lib/gcc/avr/5.4.0/avr5\libgcc.a(_clear_bss.o)
 .data          0x00000000        0x0 c:/program files (x86)/atmel/studio/7.0/toolchain/avr8/avr8-gnu-toolchain/bin/../lib/gcc/avr/5.4.0/avr5\libgcc.a(_clear_bss.o)
 .bss           0x00000000        0x0 c:/program files (x86)/atmel/studio/7.0/toolchain/avr8/avr8-gnu-toolchain/bin/../lib/gcc/avr/5.4.0/avr5\libgcc.a(_clear_bss.o)
 .text.libgcc.mul
                0x00000000        0x0 c:/program files (x86)/atmel/studio/7.0/toolchain/avr8/avr8-gnu-toolchain/bin/../lib/gcc/avr/5.4.0/avr5\libgcc.a(_clear_bss.o)
 .text.libgcc.div
                0x00000000        0x0 c:/program files (x86)/atmel/studio/7.0/toolchain/avr8/avr8-gnu-toolchain/bin/../lib/gcc/avr/5.4.0/avr5\libgcc.a(_clear_bss.o)
 .text.libgcc   0x00000000        0x0 c:/program files (x86)/atmel/studio/7.0/toolchain/avr8/avr8-gnu-toolchain/bin/../lib/gcc/avr/5.4.0/avr5\libgcc.a(_clear_bss.o)
 .text.libgcc.prologue
                0x00000000        0x0 c:/program files (x86)/atmel/studio/7.0/toolchain/avr8/avr8-gnu-toolchain/bin/../lib/gcc/avr/5.4.0/avr5\libgcc.a(_clear_bss.o)
 .text.libgcc.builtins
                0x00000000        0x0 c:/program files (x86)/atmel/studio/7.0/toolchain/avr8/avr8-gnu-toolchain/bin/../lib/gcc/avr/5.4.0/avr5\libgcc.a(_clear_bss.o)
 .text.libgcc.fmul
                0x00000000        0x0 c:/program files (x86)/atmel/studio/7.0/toolchain/avr8/avr8-gnu-toolchain/bin/../lib/gcc/avr/5.4.0/avr5\libgcc.a(_clear_bss.o)
 .text.libgcc.fixed
                0x00000000        0x0 c:/program files (x86)/atmel/studio/7.0/toolchain/avr8/avr8-gnu-toolchain/bin/../lib/gcc/avr/5.4.0/avr5\libgcc.a(_clear_bss.o)

Memory Configuration

Name             Origin             Length             Attributes
text             0x00000000         0x00020000         xr
data             0x00800060         0x0000ffa0         rw !x
eeprom           0x00810000         0x00010000         rw !x
fuse             0x00820000         0x00000003         rw !x
lock             0x00830000         0x00000400         rw !x
signature        0x00840000         0x00000400         rw !x
user_signatures  0x00850000         0x00000400         rw !x
*default*        0x00000000         0xffffffff

Linker script and memory map

Address of section .data set to 0x800100
LOAD C:/Program Files (x86)/Atmel/Studio/7.0/Packs/atmel/ATmega_DFP/1.2.209/gcc/dev/atmega328p/avr5/crtatmega328p.o
LOAD Calibri28pt.o
LOAD controller.o
LOAD display.o
LOAD images.o
LOAD main.o
LOAD model.o
LOAD MSSansSerif8pt.o
LOAD strings.o
LOAD view.o
START GROUP
LOAD c:/program files (x86)/atmel/studio/7.0/toolchain/avr8/avr8-gnu-toolchain/bin/../lib/gcc/avr/5.4.0/../../../../avr/lib/avr5\libm.a
END GROUP
START GROUP
LOAD c:/program files (x86)/atmel/studio/7.0/toolchain/avr8/avr8-gnu-toolchain/bin/../lib/gcc/avr/5.4.0/avr5\libgcc.a
LOAD c:/program files (x86)/atmel/studio/7.0/toolchain/avr8/avr8-gnu-toolchain/bin/../lib/gcc/avr/5.4.0/../../../../avr/lib/avr5\libm.a
LOAD c:/program files (x86)/atmel/studio/7.0/toolchain/avr8/avr8-gnu-toolchain/bin/../lib/gcc/avr/5.4.0/../../../../avr/lib/avr5\libc.a
LOAD C:/Program Files (x86)/Atmel/Studio/7.0/Packs/atmel/ATmega_DFP/1.2.209/gcc/dev/atmega328p/avr5\libatmega328p.a
END GROUP
                0x00000000                __TEXT_REGION_ORIGIN__ = DEFINED (__TEXT_REGION_ORIGIN__)?__TEXT_REGION_ORIGIN__:0x0
                0x00800060                __DATA_REGION_ORIGIN__ = DEFINED (__DATA_REGION_ORIGIN__)?__DATA_REGION_ORIGIN__:0x800060
                0x00020000                __TEXT_REGION_LENGTH__ = DEFINED (__TEXT_REGION_LENGTH__)?__TEXT_REGION_LENGTH__:0x20000
                0x0000ffa0                __DATA_REGION_LENGTH__ = DEFINED (__DATA_REGION_LENGTH__)?__DATA_REGION_LENGTH__:0xffa0
                0x00010000                __EEPROM_REGION_LENGTH__ = DEFINED (__EEPROM_REGION_LENGTH__)?__EEPROM_REGION_LENGTH__:0x10000
                [0x00000003]                __FUSE_REGION_LENGTH__ = DEFINED (__FUSE_REGION_LENGTH__)?__FUSE_REGION_LENGTH__:0x400
                0x00000400                __LOCK_REGION_LENGTH__ = DEFINED (__LOCK_REGION_LENGTH__)?__LOCK_REGION_LENGTH__:0x400
                0x00000400                __SIGNATURE_REGION_LENGTH__ = DEFINED (__SIGNATURE_REGION_LENGTH__)?__SIGNATURE_REGION_LENGTH__:0x400
                0x00000400                __USER_SIGNATURE_REGION_LENGTH__ = DEFINED (__USER_SIGNATURE_REGION_LENGTH__)?__USER_SIGNATURE_REGION_LENGTH__:0x400

.hash
 *(.hash)

.dynsym
 *(.dynsym)

.dynstr
 *(.dynstr)

.gnu.version
 *(.gnu.version)

.gnu.version_d
 *(.gnu.version_d)

.gnu.version_r
 *(.gnu.version_r)

.rel.init
 *(.rel.init)

.rela.init
 *(.rela.init)

.rel.text
 *(.rel.text)
 *(.rel.text.*)
 *(.rel.gnu.linkonce.t*)

.rela.text
 *(.rela.text)
 *(.rela.text.*)
 *(.rela.gnu.linkonce.t*)

.rel.fini
 *(.rel.fini)

.rela.fini
 *(.rela.fini)

.rel.rodata
 *(.rel.rodata)
 *(.rel.rodata.*)
 *(.rel.gnu.linkonce.r*)

.rela.rodata
 *(.rela.rodata)
 *(.rela.rodata.*)
 *(.rela.gnu.linkonce.r*)

.rel.data
 *(.rel.data)
 *(.rel.data.*)
 *(.rel.gnu.linkonce.d*)

.rela.data
 *(.rela.data)
 *(.rela.data.*)
 *(.rela.gnu.linkonce.d*)

.rel.ctors
 *(.rel.ctors)

.rela.ctors
 *(.rela.ctors)

.rel.dtors
 *(.rel.dtors)

.rela.dtors
 *(.rela.dtors)

.rel.got
 *(.rel.got)

.rela.got
 *(.rela.got)

.rel.bss
 *(.rel.bss)

.rela.bss
 *(.rela.bss)

.rel.plt
 *(.rel.plt)

.rela.plt
 *(.rela.plt)

.text           0x00000000     0x6b38
 *(.vectors)
 .vectors       0x00000000       0x68 C:/Program Files (x86)/Atmel/Studio/7.0/Packs/atmel/ATmega_DFP/1.2.209/gcc/dev/atmega328p/avr5/crtatmega328p.o
                0x00000000                __vector_default
                0x00000000                __vectors
 *(.vectors)
 *(.progmem.gcc*)
                0x00000068                . = ALIGN (0x2)
                0x00000068                __trampolines_start = .
 *(.trampolines)
 .trampolines   0x00000068        0x0 linker stubs
 *(.trampolines*)
                0x00000068                __trampolines_end = .
 *libprintf_flt.a:*(.progmem.data)
 *libc.a:*(.progmem.data)
 *(.progmem*)
 .progmem.data.fontCalibri28pt
                0x00000068     0x4796 Calibri28pt.o
                0x00000068                fontCalibri28pt
 .progmem.data.bmpArrowLeft
                0x000047fe       0x14 images.o
                0x000047fe                bmpArrowLeft
 .progmem.data.bmpArrowRight
                0x00004812       0x14 images.o
                0x00004812                bmpArrowRight
 .progmem.data.bmpClick
                0x00004826       0x12 images.o
                0x00004826                bmpClick
 .progmem.data.fontMSSansSerif8pt
                0x00004838     0x105a MSSansSerif8pt.o
                0x00004838                fontMSSansSerif8pt
                0x00005892                . = ALIGN (0x2)
 *(.jumptables)
 *(.jumptables*)
 *(.lowtext)
 *(.lowtext*)
                0x00005892                __ctors_start = .
 *(.ctors)
                0x00005892                __ctors_end = .
                0x00005892                __dtors_start = .
 *(.dtors)
                0x00005892                __dtors_end = .
 SORT(*)(.ctors)
 SORT(*)(.dtors)
 *(.init0)
 .init0         0x00005892        0x0 C:/Program Files (x86)/Atmel/Studio/7.0/Packs/atmel/ATmega_DFP/1.2.209/gcc/dev/atmega328p/avr5/crtatmega328p.o
                0x00005892                __init
 *(.init0)
 *(.init1)
 *(.init1)
 *(.init2)
 .init2         0x00005892        0xc C:/Program Files (x86)/Atmel/Studio/7.0/Packs/atmel/ATmega_DFP/1.2.209/gcc/dev/atmega328p/avr5/crtatmega328p.o
 *(.init2)
 *(.init3)
 *(.init3)
 *(.init4)
 .init4         0x0000589e       0x16 c:/program files (x86)/atmel/studio/7.0/toolchain/avr8/avr8-gnu-toolchain/bin/../lib/gcc/avr/5.4.0/avr5\libgcc.a(_copy_data.o)
                0x0000589e                __do_copy_data
 .init4         0x000058b4       0x10 c:/program files (x86)/atmel/studio/7.0/toolchain/avr8/avr8-gnu-toolchain/bin/../lib/gcc/avr/5.4.0/avr5\libgcc.a(_clear_bss.o)
                0x000058b4                __do_clear_bss
 *(.init4)
 *(.init5)
 *(.init5)
 *(.init6)
 *(.init6)
 *(.init7)
 *(.init7)
 *(.init8)
 *(.init8)
 *(.init9)
 .init9         0x000058c4        0x8 C:/Program Files (x86)/Atmel/Studio/7.0/Packs/atmel/ATmega_DFP/1.2.209/gcc/dev/atmega328p/avr5/crtatmega328p.o
 *(.init9)
 *(.text)
 .text          0x000058cc        0x4 C:/Program Files (x86)/Atmel/Studio/7.0/Packs/atmel/ATmega_DFP/1.2.209/gcc/dev/atmega328p/avr5/crtatmega328p.o
                0x000058cc                __vector_22
                0x000058cc                __vector_1
                0x000058cc                __vector_24
                0x000058cc                __vector_12
                0x000058cc                __bad_interrupt
                0x000058cc                __vector_6
                0x000058cc                __vector_3
                0x000058cc                __vector_23
                0x000058cc                __vector_25
                0x000058cc                __vector_11
                0x000058cc                __vector_13
                0x000058cc                __vector_17
                0x000058cc                __vector_19
                0x000058cc                __vector_7
                0x000058cc                __vector_5
                0x000058cc                __vector_4
                0x000058cc                __vector_9
                0x000058cc                __vector_2
                0x000058cc                __vector_21
                0x000058cc                __vector_15
                0x000058cc                __vector_8
                0x000058cc                __vector_14
                0x000058cc                __vector_10
                0x000058cc                __vector_16
                0x000058cc                __vector_18
                0x000058cc                __vector_20
                0x000058d0                . = ALIGN (0x2)
 *(.text.*)
 .text.i2c_byte_out
                0x000058d0       0xae display.o
 .text.i2c_start
                0x0000597e       0x64 display.o
                0x0000597e                i2c_start
 .text.i2c_write
                0x000059e2      0x142 display.o
                0x000059e2                i2c_write
 .text.i2c_stop
                0x00005b24       0x58 display.o
                0x00005b24                i2c_stop
 .text.i2c_send
                0x00005b7c       0x40 display.o
 .text.disp_command
                0x00005bbc       0x36 display.o
 .text.disp_send_buffer
                0x00005bf2      0x134 display.o
                0x00005bf2                disp_send_buffer
 .text.disp_init
                0x00005d26       0xa6 display.o
                0x00005d26                disp_init
 .text.disp_refresh_rect
                0x00005dcc       0x70 display.o
                0x00005dcc                disp_refresh_rect
 .text.disp_set_paint_handler
                0x00005e3c       0x32 display.o
                0x00005e3c                disp_set_paint_handler
 .text.disp_set_font
                0x00005e6e       0x32 display.o
                0x00005e6e                disp_set_font
 .text.disp_set_segment
                0x00005ea0      0x130 display.o
                0x00005ea0                disp_set_segment
 .text.disp_draw_glyph
                0x00005fd0      0x154 display.o
                0x00005fd0                disp_draw_glyph
 .text.disp_draw_bitmap
                0x00006124       0xbe display.o
                0x00006124                disp_draw_bitmap
 .text.get_char_info
                0x000061e2      0x2ca display.o
                0x000061e2                get_char_info
 .text.disp_draw_text
                0x000064ac      0x14c display.o
                0x000064ac                disp_draw_text
 .text.disp_get_text_metrics
                0x000065f8      0x154 display.o
                0x000065f8                disp_get_text_metrics
 .text.disp_clear
                0x0000674c       0x3c display.o
                0x0000674c                disp_clear
 .text.main     0x00006788       0x1e main.o
                0x00006788                main
 .text.get_temp
                0x000067a6       0x16 model.o
                0x000067a6                get_temp
 .text.to_str   0x000067bc       0xde view.o
                0x000067bc                to_str
 .text.view_init
                0x0000689a       0x1e view.o
                0x0000689a                view_init
 .text.view_update
                0x000068b8       0x3e view.o
                0x000068b8                view_update
 .text.on_draw_temp_screen
                0x000068f6      0x1a8 view.o
                0x000068f6                on_draw_temp_screen
 .text.view_temp_set_screen
                0x00006a9e       0x46 view.o
                0x00006a9e                view_temp_set_screen
 .text.libgcc.div
                0x00006ae4       0x28 c:/program files (x86)/atmel/studio/7.0/toolchain/avr8/avr8-gnu-toolchain/bin/../lib/gcc/avr/5.4.0/avr5\libgcc.a(_udivmodhi4.o)
                0x00006ae4                __udivmodhi4
 .text.libgcc.div
                0x00006b0c       0x28 c:/program files (x86)/atmel/studio/7.0/toolchain/avr8/avr8-gnu-toolchain/bin/../lib/gcc/avr/5.4.0/avr5\libgcc.a(_divmodhi4.o)
                0x00006b0c                _div
                0x00006b0c                __divmodhi4
                0x00006b34                . = ALIGN (0x2)
 *(.fini9)
 .fini9         0x00006b34        0x0 c:/program files (x86)/atmel/studio/7.0/toolchain/avr8/avr8-gnu-toolchain/bin/../lib/gcc/avr/5.4.0/avr5\libgcc.a(_exit.o)
                0x00006b34                _exit
                0x00006b34                exit
 *(.fini9)
 *(.fini8)
 *(.fini8)
 *(.fini7)
 *(.fini7)
 *(.fini6)
 *(.fini6)
 *(.fini5)
 *(.fini5)
 *(.fini4)
 *(.fini4)
 *(.fini3)
 *(.fini3)
 *(.fini2)
 *(.fini2)
 *(.fini1)
 *(.fini1)
 *(.fini0)
 .fini0         0x00006b34        0x4 c:/program files (x86)/atmel/studio/7.0/toolchain/avr8/avr8-gnu-toolchain/bin/../lib/gcc/avr/5.4.0/avr5\libgcc.a(_exit.o)
 *(.fini0)
                0x00006b38                _etext = .

.data           0x00800100       0x46 load address 0x00006b38
                0x00800100                PROVIDE (__data_start, .)
 *(.data)
 *(.data*)
 .data.DisplayInit
                0x00800100       0x16 display.o
                0x00800100                DisplayInit
 .data.temp     0x00800116        0x2 model.o
                0x00800116                temp
 *(.gnu.linkonce.d*)
 *(.rodata)
 *(.rodata*)
 .rodata.DISPLAY_FULL
                0x00800118        0x4 display.o
                0x00800118                DISPLAY_FULL
 .rodata.str_Temperature
                0x0080011c       0x1c strings.o
                0x0080011c                str_Temperature
 .rodata.str_Finish
                0x00800138        0xe strings.o
                0x00800138                str_Finish
 *(.gnu.linkonce.r*)
                0x00800146                . = ALIGN (0x2)
                0x00800146                _edata = .
                0x00800146                PROVIDE (__data_end, .)

.bss            0x00800146      0x429
                0x00800146                PROVIDE (__bss_start, .)
 *(.bss)
 *(.bss*)
 .bss.Displays  0x00800146       0x14 display.o
                0x00800146                Displays
 .bss.dirtyFlag
                0x0080015a        0x1 view.o
                0x0080015a                dirtyFlag
 .bss.buffer.1739
                0x0080015b        0xc view.o
 *(COMMON)
 COMMON         0x00800167      0x400 display.o
                0x00800167                DisplayBuf
 COMMON         0x00800567        0x8 view.o
                0x00800567                display
                0x00800569                pMenu
                0x0080056b                dirtyArea
                0x0080056f                PROVIDE (__bss_end, .)
                0x00006b38                __data_load_start = LOADADDR (.data)
                0x00006b7e                __data_load_end = (__data_load_start + SIZEOF (.data))

.noinit         0x0080056f        0x0
                [!provide]                PROVIDE (__noinit_start, .)
 *(.noinit*)
                [!provide]                PROVIDE (__noinit_end, .)
                0x0080056f                _end = .
                [!provide]                PROVIDE (__heap_start, .)

.eeprom         0x00810000        0x0
 *(.eeprom*)
                0x00810000                __eeprom_end = .

.fuse
 *(.fuse)
 *(.lfuse)
 *(.hfuse)
 *(.efuse)

.lock
 *(.lock*)

.signature
 *(.signature*)

.user_signatures
 *(.user_signatures*)

.stab
 *(.stab)

.stabstr
 *(.stabstr)

.stab.excl
 *(.stab.excl)

.stab.exclstr
 *(.stab.exclstr)

.stab.index
 *(.stab.index)

.stab.indexstr
 *(.stab.indexstr)

.comment        0x00000000       0x30
 *(.comment)
 .comment       0x00000000       0x30 Calibri28pt.o
                                 0x31 (size before relaxing)
 .comment       0x00000030       0x31 display.o
 .comment       0x00000030       0x31 images.o
 .comment       0x00000030       0x31 main.o
 .comment       0x00000030       0x31 model.o
 .comment       0x00000030       0x31 MSSansSerif8pt.o
 .comment       0x00000030       0x31 strings.o
 .comment       0x00000030       0x31 view.o

.note.gnu.avr.deviceinfo
                0x00000000       0x40
 .note.gnu.avr.deviceinfo
                0x00000000       0x40 C:/Program Files (x86)/Atmel/Studio/7.0/Packs/atmel/ATmega_DFP/1.2.209/gcc/dev/atmega328p/avr5/crtatmega328p.o

.note.gnu.build-id
 *(.note.gnu.build-id)

.debug
 *(.debug)

.line
 *(.line)

.debug_srcinfo
 *(.debug_srcinfo)

.debug_sfnames
 *(.debug_sfnames)

.debug_aranges  0x00000000      0x248
 *(.debug_aranges)
 .debug_aranges
                0x00000000       0x18 Calibri28pt.o
 .debug_aranges
                0x00000018       0xe0 display.o
 .debug_aranges
                0x000000f8       0x18 images.o
 .debug_aranges
                0x00000110       0x28 main.o
 .debug_aranges
                0x00000138       0x40 model.o
 .debug_aranges
                0x00000178       0x18 MSSansSerif8pt.o
 .debug_aranges
                0x00000190       0x18 strings.o
 .debug_aranges
                0x000001a8       0xa0 view.o

.debug_pubnames
 *(.debug_pubnames)

.debug_info     0x00000000     0x224e
 *(.debug_info .gnu.linkonce.wi.*)
 .debug_info    0x00000000      0x5f4 C:/Program Files (x86)/Atmel/Studio/7.0/Packs/atmel/ATmega_DFP/1.2.209/gcc/dev/atmega328p/avr5/crtatmega328p.o
 .debug_info    0x000005f4       0x95 Calibri28pt.o
 .debug_info    0x00000689      0xe0e display.o
 .debug_info    0x00001497      0x1d1 images.o
 .debug_info    0x00001668      0x1d8 main.o
 .debug_info    0x00001840       0xf4 model.o
 .debug_info    0x00001934       0x95 MSSansSerif8pt.o
 .debug_info    0x000019c9      0x1be strings.o
 .debug_info    0x00001b87      0x6c7 view.o

.debug_abbrev   0x00000000      0xcef
 *(.debug_abbrev)
 .debug_abbrev  0x00000000      0x5a2 C:/Program Files (x86)/Atmel/Studio/7.0/Packs/atmel/ATmega_DFP/1.2.209/gcc/dev/atmega328p/avr5/crtatmega328p.o
 .debug_abbrev  0x000005a2       0x53 Calibri28pt.o
 .debug_abbrev  0x000005f5      0x272 display.o
 .debug_abbrev  0x00000867       0x53 images.o
 .debug_abbrev  0x000008ba       0xe4 main.o
 .debug_abbrev  0x0000099e       0x7b model.o
 .debug_abbrev  0x00000a19       0x53 MSSansSerif8pt.o
 .debug_abbrev  0x00000a6c       0x60 strings.o
 .debug_abbrev  0x00000acc      0x223 view.o

.debug_line     0x00000000     0x21ef
 *(.debug_line .debug_line.* .debug_line_end)
 .debug_line    0x00000000      0x133 C:/Program Files (x86)/Atmel/Studio/7.0/Packs/atmel/ATmega_DFP/1.2.209/gcc/dev/atmega328p/avr5/crtatmega328p.o
 .debug_line    0x00000133      0x235 Calibri28pt.o
 .debug_line    0x00000368      0xc17 display.o
 .debug_line    0x00000f7f      0x23c images.o
 .debug_line    0x000011bb      0x354 main.o
 .debug_line    0x0000150f      0x199 model.o
 .debug_line    0x000016a8      0x238 MSSansSerif8pt.o
 .debug_line    0x000018e0      0x231 strings.o
 .debug_line    0x00001b11      0x6de view.o

.debug_frame    0x00000000      0x760
 *(.debug_frame)
 .debug_frame   0x00000000      0x400 display.o
 .debug_frame   0x00000400       0x5c main.o
 .debug_frame   0x0000045c       0xb4 model.o
 .debug_frame   0x00000510      0x250 view.o

.debug_str      0x00000000     0x8bef
 *(.debug_str)
 .debug_str     0x00000000      0x208 C:/Program Files (x86)/Atmel/Studio/7.0/Packs/atmel/ATmega_DFP/1.2.209/gcc/dev/atmega328p/avr5/crtatmega328p.o
 .debug_str     0x00000208     0x7a03 Calibri28pt.o
                               0x7ad8 (size before relaxing)
 .debug_str     0x00007c0b      0x4a7 display.o
                               0x7f9c (size before relaxing)
 .debug_str     0x000080b2       0xb5 images.o
                               0x7b6a (size before relaxing)
 .debug_str     0x00008167      0x775 main.o
                               0x703e (size before relaxing)
 .debug_str     0x000088dc       0x4d model.o
                               0x32a2 (size before relaxing)
 .debug_str     0x00008929       0x16 MSSansSerif8pt.o
                               0x7ade (size before relaxing)
 .debug_str     0x0000893f       0x86 strings.o
                               0x687c (size before relaxing)
 .debug_str     0x000089c5      0x22a view.o
                               0x6c26 (size before relaxing)

.debug_loc      0x00000000      0xf1c
 *(.debug_loc)
 .debug_loc     0x00000000      0x8fa display.o
 .debug_loc     0x000008fa       0x9d main.o
 .debug_loc     0x00000997      0x127 model.o
 .debug_loc     0x00000abe      0x45e view.o

.debug_macinfo
 *(.debug_macinfo)

.debug_weaknames
 *(.debug_weaknames)

.debug_funcnames
 *(.debug_funcnames)

.debug_typenames
 *(.debug_typenames)

.debug_varnames
 *(.debug_varnames)

.debug_pubtypes
 *(.debug_pubtypes)

.debug_ranges   0x00000000      0x210
 *(.debug_ranges)
 .debug_ranges  0x00000000      0x138 display.o
 .debug_ranges  0x00000138       0x18 main.o
 .debug_ranges  0x00000150       0x30 model.o
 .debug_ranges  0x00000180       0x90 view.o

.debug_macro    0x00000000     0x334c
 *(.debug_macro)
 .debug_macro   0x00000000       0x99 Calibri28pt.o
 .debug_macro   0x00000099      0xa4e Calibri28pt.o
 .debug_macro   0x00000ae7       0x10 Calibri28pt.o
 .debug_macro   0x00000af7      0x1c9 Calibri28pt.o
 .debug_macro   0x00000cc0      0x2fc Calibri28pt.o
 .debug_macro   0x00000fbc       0x89 Calibri28pt.o
 .debug_macro   0x00001045       0xaa Calibri28pt.o
 .debug_macro   0x000010ef     0x1410 Calibri28pt.o
 .debug_macro   0x000024ff      0x13a Calibri28pt.o
 .debug_macro   0x00002639       0xbd Calibri28pt.o
 .debug_macro   0x000026f6       0x34 Calibri28pt.o
 .debug_macro   0x0000272a       0x18 Calibri28pt.o
 .debug_macro   0x00002742       0x6c Calibri28pt.o
 .debug_macro   0x000027ae       0xee Calibri28pt.o
 .debug_macro   0x0000289c       0xf9 display.o
 .debug_macro   0x00002995       0x22 display.o
 .debug_macro   0x000029b7       0x2e display.o
 .debug_macro   0x000029e5       0x10 display.o
 .debug_macro   0x000029f5       0xa3 images.o
 .debug_macro   0x00002a98       0xd1 main.o
 .debug_macro   0x00002b69       0x10 main.o
 .debug_macro   0x00002b79      0x302 main.o
 .debug_macro   0x00002e7b       0x9e main.o
 .debug_macro   0x00002f19       0x28 main.o
 .debug_macro   0x00002f41       0x69 main.o
 .debug_macro   0x00002faa       0x10 main.o
 .debug_macro   0x00002fba      0x166 main.o
 .debug_macro   0x00003120       0x2e model.o
 .debug_macro   0x0000314e       0x99 MSSansSerif8pt.o
 .debug_macro   0x000031e7       0x9a strings.o
 .debug_macro   0x00003281       0xcb view.o
OUTPUT(SolderingStation.elf elf32-avr)
LOAD linker stubs
